###############################################################################
#
# IAR ELF Linker V8.40.1.212/W32 for ARM                  05/Dec/2020  17:35:29
# Copyright 2007-2019 IAR Systems AB.
#
#    Output file  =  C:\UW_Workspace\Assignments\A7\Debug\Exe\A7 problem 1.out
#    Map file     =  C:\UW_Workspace\Assignments\A7\Debug\List\A7 problem 1.map
#    Command line =
#        -f C:\Users\RICHAR~1\AppData\Local\Temp\EWFFA.tmp
#        (C:\UW_Workspace\Assignments\A7\Debug\Obj\delay.o
#        C:\UW_Workspace\Assignments\A7\Debug\Obj\main.o
#        C:\UW_Workspace\Assignments\A7\Debug\Obj\startup_stm32l475xx.o
#        --no_out_extension -o "C:\UW_Workspace\Assignments\A7\Debug\Exe\A7
#        problem 1.out" --redirect _Printf=_PrintfFullNoMb --redirect
#        _Scanf=_ScanfFullNoMb --map
#        "C:\UW_Workspace\Assignments\A7\Debug\List\A7 problem 1.map" --config
#        "C:\Program Files (x86)\IAR Systems\Embedded Workbench
#        8.3\arm\config\linker\ST\stm32l475xG.icf" --semihosting --entry
#        __iar_program_start --vfe --text_out locale)
#
###############################################################################

*******************************************************************************
*** RUNTIME MODEL ATTRIBUTES
***

CppFlavor       = *
__SystemLibrary = DLib
__dlib_version  = 6


*******************************************************************************
*** HEAP SELECTION
***

The basic heap was selected because some modules are built with
size limitations (and not runtime checking), and --advanced_heap
was not specified.


*******************************************************************************
*** PLACEMENT SUMMARY
***

"A0":  place at address 0x800'0000 { ro section .intvec };
"P1":  place in [from 0x0 to 0x0] |
                [from 0x800'0000 to 0x80f'ffff] { ro };
define block CSTACK with size = 8K, alignment = 8 { };
define block PROC_STACK with size = 0, alignment = 8 { };
define block HEAP with size = 8K, alignment = 8 { };
"P3":  place in [from 0x2000'0000 to 0x2001'7fff] {
          rw, block CSTACK, block PROC_STACK, block HEAP };

No sections matched the following patterns:

  ro section application_specific_ro  in "P2|P5"
  rw section application_specific_rw  in "P2|P5"
  section .textrw                     in "P4"


  Section          Kind         Address    Size  Object
  -------          ----         -------    ----  ------
"A0":                                      0x40
  .intvec          const     0x800'0000    0x40  startup_stm32l475xx.o [1]
                           - 0x800'0040    0x40

"P1":                                     0x1b6
  .text            ro code   0x800'0040    0xa8  main.o [1]
  .text            ro code   0x800'00e8    0x10  delay.o [1]
  .text            ro code   0x800'00f8    0x3a  zero_init3.o [4]
  .text            ro code   0x800'0134    0x28  data_init.o [4]
  .text            ro code   0x800'015c    0x22  fpinit_M.o [3]
  .iar.init_table  const     0x800'0180    0x10  - Linker created -
  .text            ro code   0x800'0190    0x1e  cmain.o [4]
  .text            ro code   0x800'01ae     0x4  low_level_init.o [2]
  .text            ro code   0x800'01b2     0x4  exit.o [2]
  .text            ro code   0x800'01b8     0xa  cexit.o [4]
  .text            ro code   0x800'01c4    0x14  exit.o [5]
  .text            ro code   0x800'01d8    0x12  startup_stm32l475xx.o [1]
  .text            ro code   0x800'01ea     0xc  cstartup_M.o [4]
  .rodata          const     0x800'01f6     0x0  zero_init3.o [4]
                           - 0x800'01f6   0x1b6

"P3", part 1 of 2:                          0x4
  .bss             zero     0x2000'0000     0x4  main.o [1]
                          - 0x2000'0004     0x4

"P3", part 2 of 2:                       0x2000
  CSTACK                    0x2000'0008  0x2000  <Block>
    CSTACK         uninit   0x2000'0008  0x2000  <Block tail>
                          - 0x2000'2008  0x2000

Unused ranges:

         From           To      Size
         ----           --      ----
          0x0          0x0       0x1
   0x800'01f6   0x80f'ffff  0xf'fe0a
  0x2000'0004  0x2000'0007       0x4
  0x2000'2008  0x2001'7fff  0x1'5ff8


*******************************************************************************
*** INIT TABLE
***

          Address      Size
          -------      ----
Zero (__iar_zero_init3)
    1 destination range, total size 0x4:
          0x2000'0000   0x4



*******************************************************************************
*** MODULE SUMMARY
***

    Module                 ro code  ro data  rw data
    ------                 -------  -------  -------
command line/config:
    ------------------------------------------------
    Total:

C:\UW_Workspace\Assignments\A7\Debug\Obj: [1]
    delay.o                     16
    main.o                     168                 4
    startup_stm32l475xx.o       18       64
    ------------------------------------------------
    Total:                     202       64        4

dl7M_tln.a: [2]
    exit.o                       4
    low_level_init.o             4
    ------------------------------------------------
    Total:                       8

m7M_tls.a: [3]
    fpinit_M.o                  34
    ------------------------------------------------
    Total:                      34

rt7M_tl.a: [4]
    cexit.o                     10
    cmain.o                     30
    cstartup_M.o                12
    data_init.o                 40
    zero_init3.o                58
    ------------------------------------------------
    Total:                     150

shb_l.a: [5]
    exit.o                      20
    ------------------------------------------------
    Total:                      20

    Gaps                         6        2
    Linker created                       16    8'192
----------------------------------------------------
    Grand Total:               420       82    8'196


*******************************************************************************
*** ENTRY LIST
***

Entry                       Address  Size  Type      Object
-----                       -------  ----  ----      ------
.iar.init_table$$Base    0x800'0180         --   Gb  - Linker created -
.iar.init_table$$Limit   0x800'0190         --   Gb  - Linker created -
?main                    0x800'0191        Code  Gb  cmain.o [4]
BusFault_Handler         0x800'01e5   0x2  Code  Gb  startup_stm32l475xx.o [1]
CSTACK$$Base            0x2000'0008         --   Gb  - Linker created -
CSTACK$$Limit           0x2000'2008        Data  Gb  - Linker created -
HardFault_Handler        0x800'01db   0x8  Code  Gb  startup_stm32l475xx.o [1]
MemManage_Handler        0x800'01e3   0x2  Code  Gb  startup_stm32l475xx.o [1]
NMI_Handler              0x800'01d9   0x2  Code  Gb  startup_stm32l475xx.o [1]
Region$$Table$$Base      0x800'0180         --   Gb  - Linker created -
Region$$Table$$Limit     0x800'0190         --   Gb  - Linker created -
SysTick_Handler          0x800'00b3  0x14  Code  Gb  main.o [1]
SysTick_Initialize       0x800'009d  0x16  Code  Gb  main.o [1]
Tick                    0x2000'0000   0x4  Data  Gb  main.o [1]
Unused_Handler           0x800'01e9   0x2  Code  Gb  startup_stm32l475xx.o [1]
UsageFault_Handler       0x800'01e7   0x2  Code  Gb  startup_stm32l475xx.o [1]
__cmain                  0x800'0191        Code  Gb  cmain.o [4]
__exit                   0x800'01c5  0x14  Code  Gb  exit.o [5]
__iar_data_init3         0x800'0135  0x28  Code  Gb  data_init.o [4]
__iar_init_vfp           0x800'015d        Code  Gb  fpinit_M.o [3]
__iar_program_start      0x800'01eb        Code  Gb  cstartup_M.o [4]
__iar_zero_init3         0x800'00f9  0x3a  Code  Gb  zero_init3.o [4]
__low_level_init         0x800'01af   0x4  Code  Gb  low_level_init.o [2]
__vector_table           0x800'0000  0x40  Data  Gb  startup_stm32l475xx.o [1]
_call_main               0x800'019d        Code  Gb  cmain.o [4]
_exit                    0x800'01b9        Code  Gb  cexit.o [4]
_main                    0x800'01ab        Code  Gb  cmain.o [4]
delay                    0x800'00e9  0x10  Code  Gb  delay.o [1]
exit                     0x800'01b3   0x4  Code  Gb  exit.o [2]
main                     0x800'0041  0x5c  Code  Gb  main.o [1]


[1] = C:\UW_Workspace\Assignments\A7\Debug\Obj
[2] = dl7M_tln.a
[3] = m7M_tls.a
[4] = rt7M_tl.a
[5] = shb_l.a

    420 bytes of readonly  code memory
     82 bytes of readonly  data memory
  8'196 bytes of readwrite data memory

Errors: none
Warnings: none
